<?xml version="1.0" encoding="utf-8"?><testsuites name="pytest tests"><testsuite name="pytest" errors="0" failures="0" skipped="0" tests="0" time="0.209" timestamp="2025-11-15T01:14:58.424592-08:00" hostname="HuckerLaptop" /></testsuites>